[cloudera@quickstart ~]$ cd /usr/lib/hadoop-mapreduce/
[cloudera@quickstart hadoop-mapreduce]$ hadoop jar hadoop-mapreduce-examples.jar wordcount
Usage: wordcount <in> [<in>...] <out>
[cloudera@quickstart hadoop-mapreduce]$ echo "Hello world in HDFS" > /home/cloudera/testfile1
[cloudera@quickstart hadoop-mapreduce]$ echo "Hadoop word count example in HDFS" > /home/cloudera/testfile2
[cloudera@quickstart hadoop-mapreduce]$ hdfs dfs -mkdir /user/cloudera/input
mkdir: `/user/cloudera/input': File exists
[cloudera@quickstart hadoop-mapreduce]$ hdfs dfs put /home/cloudera/testfile1 /user/cloudera/input
put: Unknown command
Did you mean -put?  This command begins with a dash.
[cloudera@quickstart hadoop-mapreduce]$ hdfs dfs -put /home/cloudera/testfile1 /user/cloudera/input
[cloudera@quickstart hadoop-mapreduce]$ hdfs dfs -put /home/cloudera/testfile2 /user/cloudera/input
put: `/user/cloudera/input/testfile2': File exists
[cloudera@quickstart hadoop-mapreduce]$ hadoop jar hadoopmapreduceexamples.jar wordcount /user/cloudera/input /user/cloudera/output
Not a valid JAR: /usr/lib/hadoop-mapreduce/hadoopmapreduceexamples.jar
[cloudera@quickstart hadoop-mapreduce]$ hadoop jar hadoop-mapreduce-examples.jar wordcount /user/cloudera/input /user/cloudera/output
16/10/22 14:56:44 INFO client.RMProxy: Connecting to ResourceManager at /0.0.0.0:8032
16/10/22 14:56:45 INFO input.FileInputFormat: Total input paths to process : 2
16/10/22 14:56:45 WARN hdfs.DFSClient: Caught exception 
java.lang.InterruptedException
	at java.lang.Object.wait(Native Method)
	at java.lang.Thread.join(Thread.java:1281)
	at java.lang.Thread.join(Thread.java:1355)
	at org.apache.hadoop.hdfs.DFSOutputStream$DataStreamer.closeResponder(DFSOutputStream.java:862)
	at org.apache.hadoop.hdfs.DFSOutputStream$DataStreamer.endBlock(DFSOutputStream.java:600)
	at org.apache.hadoop.hdfs.DFSOutputStream$DataStreamer.run(DFSOutputStream.java:789)
16/10/22 14:56:45 INFO mapreduce.JobSubmitter: number of splits:2
16/10/22 14:56:46 INFO mapreduce.JobSubmitter: Submitting tokens for job: job_1477168608296_0001
16/10/22 14:56:46 INFO impl.YarnClientImpl: Submitted application application_1477168608296_0001
16/10/22 14:56:46 INFO mapreduce.Job: The url to track the job: http://quickstart.cloudera:8088/proxy/application_1477168608296_0001/
16/10/22 14:56:46 INFO mapreduce.Job: Running job: job_1477168608296_0001
16/10/22 14:57:00 INFO mapreduce.Job: Job job_1477168608296_0001 running in uber mode : false
16/10/22 14:57:00 INFO mapreduce.Job:  map 0% reduce 0%
hdfs dfs ls /user/cloudera/output
16/10/22 14:57:17 INFO mapreduce.Job:  map 50% reduce 0%
16/10/22 14:57:18 INFO mapreduce.Job:  map 100% reduce 0%
16/10/22 14:57:27 INFO mapreduce.Job:  map 100% reduce 100%
16/10/22 14:57:27 INFO mapreduce.Job: Job job_1477168608296_0001 completed successfully
16/10/22 14:57:27 INFO mapreduce.Job: Counters: 49
	File System Counters
		FILE: Number of bytes read=120
		FILE: Number of bytes written=350261
		FILE: Number of read operations=0
		FILE: Number of large read operations=0
		FILE: Number of write operations=0
		HDFS: Number of bytes read=306
		HDFS: Number of bytes written=62
		HDFS: Number of read operations=9
		HDFS: Number of large read operations=0
		HDFS: Number of write operations=2
	Job Counters 
		Launched map tasks=2
		Launched reduce tasks=1
		Data-local map tasks=2
		Total time spent by all maps in occupied slots (ms)=29281
		Total time spent by all reduces in occupied slots (ms)=7918
		Total time spent by all map tasks (ms)=29281
		Total time spent by all reduce tasks (ms)=7918
		Total vcore-seconds taken by all map tasks=29281
		Total vcore-seconds taken by all reduce tasks=7918
		Total megabyte-seconds taken by all map tasks=29983744
		Total megabyte-seconds taken by all reduce tasks=8108032
	Map-Reduce Framework
		Map input records=2
		Map output records=10
		Map output bytes=94
		Map output materialized bytes=126
		Input split bytes=252
		Combine input records=10
		Combine output records=10
		Reduce input groups=8
		Reduce shuffle bytes=126
		Reduce input records=10
		Reduce output records=8
		Spilled Records=20
		Shuffled Maps =2
		Failed Shuffles=0
		Merged Map outputs=2
		GC time elapsed (ms)=437
		CPU time spent (ms)=2610
		Physical memory (bytes) snapshot=539787264
		Virtual memory (bytes) snapshot=4509736960
		Total committed heap usage (bytes)=392306688
	Shuffle Errors
		BAD_ID=0
		CONNECTION=0
		IO_ERROR=0
		WRONG_LENGTH=0
		WRONG_MAP=0
		WRONG_REDUCE=0
	File Input Format Counters 
		Bytes Read=54
	File Output Format Counters 
		Bytes Written=62
[cloudera@quickstart hadoop-mapreduce]$ hdfs dfs ls /user/cloudera/output
ls: Unknown command
Did you mean -ls?  This command begins with a dash.
[cloudera@quickstart hadoop-mapreduce]$ hdfs dfs -ls /user/cloudera/output
Found 2 items
-rw-r--r--   1 cloudera cloudera          0 2016-10-22 14:57 /user/cloudera/output/_SUCCESS
-rw-r--r--   1 cloudera cloudera         62 2016-10-22 14:57 /user/cloudera/output/part-r-00000
[cloudera@quickstart hadoop-mapreduce]$ hdfs dfs cat /user/cloudera/output/partr00000
cat: Unknown command
Did you mean -cat?  This command begins with a dash.
[cloudera@quickstart hadoop-mapreduce]$ hdfs dfs -cat /user/cloudera/output/partr00000
cat: `/user/cloudera/output/partr00000': No such file or directory
[cloudera@quickstart hadoop-mapreduce]$ hdfs dfs -cat /user/cloudera/output/partr00000
cat: `/user/cloudera/output/partr00000': No such file or directory
[cloudera@quickstart hadoop-mapreduce]$ hdfs dfs get /user/cloudera/output/partr00000 /home/cloudera/wordcount.txt
get: Unknown command
Did you mean -get?  This command begins with a dash.
[cloudera@quickstart hadoop-mapreduce]$ hdfs dfs -get /user/cloudera/output/partr00000 /home/cloudera/wordcount.txt
get: `/user/cloudera/output/partr00000': No such file or directory
